---
source: src/builtins/impls/mod.rs
expression: "sprintf(\"number %s\".to_string(), vec![val_1.clone(), val_2])"
---
Ok(
    "number %s, (TooManyArgs, [String(\"first\"), String(\"sec\")])",
)
